---
base: "https://test.com"
auth:
  header_name: "Authorization"
  header_value_prefix: "Bearer"
  high_privileged_access_token: "hi"
  low_privileged_access_token: "lo"
vars:
  var0:
    high: "123"
    low: "456"
    alias: null
api:
  methods: null
  headers: null
  endpoints:
    /users/$var0:
    - method: "GET"
      is_delete: false
      content_type: null
      headers: {}
      request_params: {}
      body_params: {}
