---
base: "https://test.com"
auth:
  header_name: "Authorization"
  header_value_prefix: "Bearer"
  high_privileged_access_token: "hi"
  low_privileged_access_token: "lo"
vars: {}
api:
  methods: null
  headers: null
  endpoints:
    /org/456:
    - method: "GET"
      is_delete: false
      content_type: null
      headers:
        Authorization: "Bearer lo"
      request_params: {}
      body_params: {}
